<?xml version="1.0" encoding="utf-8"?><testsuites name="pytest tests"><testsuite name="pytest" errors="0" failures="0" skipped="0" tests="141" time="1.661" timestamp="2026-09-20T13:39:08.090166+08:00" hostname="luxingwendeMacBook-Pro.local"><testcase classname="tests.test_m0" name="test_a01_a02_defaults" time="0.001" /><testcase classname="tests.test_m0" name="test_a02_invalid[values0]" time="0.000" /><testcase classname="tests.test_m0" name="test_a02_invalid[values1]" time="0.000" /><testcase classname="tests.test_m0" name="test_a02_invalid[values2]" time="0.000" /><testcase classname="tests.test_m0" name="test_a02_invalid[values3]" time="0.000" /><testcase classname="tests.test_m0" name="test_a02_invalid[values4]" time="0.000" /><testcase classname="tests.test_m0" name="test_a02_invalid[values5]" time="0.000" /><testcase classname="tests.test_m0" name="test_a02_invalid[values6]" time="0.000" /><testcase classname="tests.test_m0" name="test_a02_invalid[values7]" time="0.000" /><testcase classname="tests.test_m0" name="test_a02_invalid[values8]" time="0.000" /><testcase classname="tests.test_m0" name="test_a02_invalid[values9]" time="0.000" /><testcase classname="tests.test_m1" name="test_a03_historical_baseline" time="0.003" /><testcase classname="tests.test_m1" name="test_a04_a05_a11_fake_roundtrip" time="0.003" /><testcase classname="tests.test_m1" name="test_a14_fixed_followup_dry_run" time="0.002" /><testcase classname="tests.test_m2" name="test_a06_rolling_anchor" time="0.002" /><testcase classname="tests.test_m2" name="test_a07_a16_distinct_ids_same_name_text" time="0.002" /><testcase classname="tests.test_m2" name="test_a08_idempotent_event" time="0.002" /><testcase classname="tests.test_m2" name="test_a09_gap_cancels_tasks[changed0]" time="0.003" /><testcase classname="tests.test_m2" name="test_a09_gap_cancels_tasks[changed1]" time="0.002" /><testcase classname="tests.test_m2" name="test_a09_gap_cancels_tasks[changed2]" time="0.002" /><testcase classname="tests.test_m2" name="test_a09_gap_cancels_tasks[changed3]" time="0.002" /><testcase classname="tests.test_m2" name="test_a09_gap_cancels_tasks[changed4]" time="0.002" /><testcase classname="tests.test_m2" name="test_a09_gap_cancels_tasks[changed5]" time="0.002" /><testcase classname="tests.test_m2" name="test_a10_empty_baseline_and_read_failure" time="0.002" /><testcase classname="tests.test_m2" name="test_a11_a12_ignore_sources_types[self-text]" time="0.002" /><testcase classname="tests.test_m2" name="test_a11_a12_ignore_sources_types[system-text]" time="0.002" /><testcase classname="tests.test_m2" name="test_a11_a12_ignore_sources_types[other-text]" time="0.002" /><testcase classname="tests.test_m2" name="test_a11_a12_ignore_sources_types[-text]" time="0.002" /><testcase classname="tests.test_m2" name="test_a11_a12_ignore_sources_types[friend-image]" time="0.002" /><testcase classname="tests.test_m2" name="test_a11_a12_ignore_sources_types[friend-voice]" time="0.002" /><testcase classname="tests.test_m2" name="test_a11_a12_ignore_sources_types[friend-quote]" time="0.002" /><testcase classname="tests.test_m2" name="test_a13_prefix[\u666e\u901a\u804a\u5929-None]" time="0.000" /><testcase classname="tests.test_m2" name="test_a13_prefix[#\u5ba2\u670d\u7aef-None]" time="0.000" /><testcase classname="tests.test_m2" name="test_a13_prefix[\u4e2d\u95f4 #\u5ba2\u670d \u95ee\u9898-None]" time="0.000" /><testcase classname="tests.test_m2" name="test_a13_prefix[#\u5ba2\u670d \u95ee\u9898-\u95ee\u9898]" time="0.000" /><testcase classname="tests.test_m2" name="test_a13_prefix[#\u5ba2\u670d\uff1a\u95ee\u9898-\u95ee\u9898]" time="0.000" /><testcase classname="tests.test_m2" name="test_a13_prefix[#\u5ba2\u670d:\u95ee\u9898-\u95ee\u9898]" time="0.000" /><testcase classname="tests.test_m2" name="test_a13_prefix[#\u5ba2\u670d\n\u95ee\u9898-\u95ee\u9898]" time="0.000" /><testcase classname="tests.test_m2" name="test_a13_prefix[#\u5ba2\u670d-]" time="0.000" /><testcase classname="tests.test_m2" name="test_a13_prefix[None-None]" time="0.000" /><testcase classname="tests.test_m2" name="test_a15_oversized_question" time="0.002" /><testcase classname="tests.test_m2" name="test_a17_independent_send_gates[change0-auth0-True]" time="0.002" /><testcase classname="tests.test_m2" name="test_a17_independent_send_gates[change1-auth1-True]" time="0.002" /><testcase classname="tests.test_m2" name="test_a17_independent_send_gates[change2-auth2-True]" time="0.002" /><testcase classname="tests.test_m2" name="test_a17_independent_send_gates[change3-auth3-True]" time="0.002" /><testcase classname="tests.test_m2" name="test_a17_independent_send_gates[change4-auth4-True]" time="0.002" /><testcase classname="tests.test_m2" name="test_a17_independent_send_gates[change5-auth5-False]" time="0.002" /><testcase classname="tests.test_m2" name="test_a17_adapter_kind_gate" time="0.002" /><testcase classname="tests.test_m2" name="test_a18_a19_target_or_epoch_change[change0]" time="0.002" /><testcase classname="tests.test_m2" name="test_a18_a19_target_or_epoch_change[change1]" time="0.002" /><testcase classname="tests.test_m2" name="test_a18_a19_target_or_epoch_change[change2]" time="0.002" /><testcase classname="tests.test_m2" name="test_a18_a19_target_or_epoch_change[change3]" time="0.002" /><testcase classname="tests.test_m2" name="test_a20_pause_before_claim" time="0.002" /><testcase classname="tests.test_m2" name="test_a21_pause_after_claim" time="0.002" /><testcase classname="tests.test_m2" name="test_a22_pause_resume_rebaseline" time="0.002" /><testcase classname="tests.test_m2" name="test_a23_a24_unknown_no_retry_or_approve[error0-True]" time="0.002" /><testcase classname="tests.test_m2" name="test_a23_a24_unknown_no_retry_or_approve[None-False]" time="0.002" /><testcase classname="tests.test_m2" name="test_a25_unique_self_echo" time="0.002" /><testcase classname="tests.test_m2" name="test_a26_crash_recovery_subprocess" time="0.091" /><testcase classname="tests.test_m2" name="test_a27_expiry_interval_budget_persist" time="0.003" /><testcase classname="tests.test_m2" name="test_a27_interval_virtual_clock" time="0.003" /><testcase classname="tests.test_m2" name="test_a28_global_lock_different_databases" time="0.092" /><testcase classname="tests.test_m2" name="test_delta_reappearing_old_id" time="0.000" /><testcase classname="tests.test_m2" name="test_storage_late_generation_rejected" time="0.003" /><testcase classname="tests.test_m3" name="test_a29_faq_aliases[\u5982\u4f55\u4f7f\u7528\u6d4b\u8bd5\u529f\u80fd]" time="0.000" /><testcase classname="tests.test_m3" name="test_a29_faq_aliases[\u6d4b\u8bd5\u5e2e\u52a9]" time="0.000" /><testcase classname="tests.test_m3" name="test_a29_faq_aliases[  HELP  ]" time="0.000" /><testcase classname="tests.test_m3" name="test_a29_faq_aliases[\uff28\uff25\uff2c\uff30]" time="0.000" /><testcase classname="tests.test_m3" name="test_a30_faq_miss_never_calls_model" time="0.000" /><testcase classname="tests.test_m3" name="test_a31_authorization[False-False-]" time="0.000" /><testcase classname="tests.test_m3" name="test_a31_authorization[False-True-k]" time="0.000" /><testcase classname="tests.test_m3" name="test_a31_authorization[True-False-k]" time="0.000" /><testcase classname="tests.test_m3" name="test_a31_authorization[True-True-]" time="0.000" /><testcase classname="tests.test_m3" name="test_a32_request_and_review" time="0.003" /><testcase classname="tests.test_m3" name="test_a33_provider_failures[timeout]" time="0.002" /><testcase classname="tests.test_m3" name="test_a33_provider_failures[401]" time="0.002" /><testcase classname="tests.test_m3" name="test_a33_provider_failures[429]" time="0.002" /><testcase classname="tests.test_m3" name="test_a33_provider_failures[500]" time="0.002" /><testcase classname="tests.test_m3" name="test_a33_provider_failures[503]" time="0.002" /><testcase classname="tests.test_m3" name="test_a33_provider_failures[redirect]" time="0.002" /><testcase classname="tests.test_m3" name="test_a33_provider_failures[empty]" time="0.002" /><testcase classname="tests.test_m3" name="test_a33_provider_failures[html]" time="0.002" /><testcase classname="tests.test_m3" name="test_a33_provider_failures[bad-content]" time="0.002" /><testcase classname="tests.test_m3" name="test_a33_provider_failures[long-answer]" time="0.002" /><testcase classname="tests.test_m3" name="test_a33_provider_failures[long-body]" time="0.002" /><testcase classname="tests.test_m3" name="test_a33_provider_failures[bad-source]" time="0.002" /><testcase classname="tests.test_m3" name="test_a33_provider_failures[tools]" time="0.002" /><testcase classname="tests.test_m3" name="test_a33_provider_failures[missing]" time="0.002" /><testcase classname="tests.test_m3" name="test_a33_provider_failures[wrong-type]" time="0.002" /><testcase classname="tests.test_m3" name="test_a33_provider_failures[deadline]" time="0.002" /><testcase classname="tests.test_m3" name="test_a19_a34_slow_model_ui_progress_and_late_result" time="0.003" /><testcase classname="tests.test_m3" name="test_a35_prompt_injection_is_data" time="0.002" /><testcase classname="tests.test_m3" name="test_invalid_faq[entries0]" time="0.001" /><testcase classname="tests.test_m3" name="test_invalid_faq[entries1]" time="0.001" /><testcase classname="tests.test_m3" name="test_invalid_faq[entries2]" time="0.001" /><testcase classname="tests.test_m3" name="test_invalid_faq[entries3]" time="0.001" /><testcase classname="tests.test_m3" name="test_model_queued_work_cancelled_on_pause" time="0.003" /><testcase classname="tests.test_m4" name="test_a37_free_api_mapping_and_echo" time="0.000" /><testcase classname="tests.test_m4" name="test_a37_missing_fields_fail_closed[missing-id]" time="0.000" /><testcase classname="tests.test_m4" name="test_a37_missing_fields_fail_closed[missing-content]" time="0.000" /><testcase classname="tests.test_m4" name="test_a37_missing_fields_fail_closed[invalid-sender]" time="0.000" /><testcase classname="tests.test_m4" name="test_a37_missing_fields_fail_closed[duplicate-id]" time="0.000" /><testcase classname="tests.test_m4" name="test_a37_missing_fields_fail_closed[not-list]" time="0.000" /><testcase classname="tests.test_m4" name="test_a37_missing_fields_fail_closed[missing-info]" time="0.000" /><testcase classname="tests.test_m4" name="test_a37_missing_fields_fail_closed[wrong-name]" time="0.000" /><testcase classname="tests.test_m4" name="test_a37_missing_fields_fail_closed[wrong-type]" time="0.000" /><testcase classname="tests.test_m4" name="test_a37_unknown_source_is_not_guessed" time="0.000" /><testcase classname="tests.test_m4" name="test_a23_a24_a37_sdk_send_results[sdk-error-UNKNOWN]" time="0.000" /><testcase classname="tests.test_m4" name="test_a23_a24_a37_sdk_send_results[no-echo-UNKNOWN]" time="0.000" /><testcase classname="tests.test_m4" name="test_a23_a24_a37_sdk_send_results[switch-after-send-UNKNOWN]" time="0.000" /><testcase classname="tests.test_m4" name="test_a23_a24_a37_sdk_send_results[expired-NOT_ATTEMPTED]" time="0.000" /><testcase classname="tests.test_m4" name="test_a23_a24_a37_sdk_send_results[wrong-epoch-NOT_ATTEMPTED]" time="0.000" /><testcase classname="tests.test_m4" name="test_a23_a24_a37_sdk_send_results[lost-lock-NOT_ATTEMPTED]" time="0.000" /><testcase classname="tests.test_m4" name="test_a23_a24_a37_sdk_send_results[switch-before-send-NOT_ATTEMPTED]" time="0.000" /><testcase classname="tests.test_m4" name="test_a17_real_sdk_never_called_when_gate_missing[dry-run]" time="0.002" /><testcase classname="tests.test_m4" name="test_a17_real_sdk_never_called_when_gate_missing[config]" time="0.002" /><testcase classname="tests.test_m4" name="test_a17_real_sdk_never_called_when_gate_missing[runtime]" time="0.002" /><testcase classname="tests.test_m4" name="test_a17_real_sdk_never_called_when_gate_missing[target]" time="0.002" /><testcase classname="tests.test_m4" name="test_a17_real_sdk_never_called_when_gate_missing[mode]" time="0.002" /><testcase classname="tests.test_m4" name="test_a17_real_sdk_never_called_when_gate_missing[lock]" time="0.002" /><testcase classname="tests.test_m4" name="test_a37_owner_thread_and_missing_api" time="0.000" /><testcase classname="tests.test_m4" name="test_a36_cli_controls_and_terminal_approval" time="0.019" /><testcase classname="tests.test_m4" name="test_a36_cli_invalid_args[args0]" time="0.002" /><testcase classname="tests.test_m4" name="test_a36_cli_invalid_args[args1]" time="0.002" /><testcase classname="tests.test_m4" name="test_a36_cli_invalid_args[args2]" time="0.002" /><testcase classname="tests.test_m4" name="test_a36_cli_invalid_args[args3]" time="0.002" /><testcase classname="tests.test_m4" name="test_a01_a36_a38_cli_demo_doctor_help" time="0.015" /><testcase classname="tests.test_m4" name="test_a02_cli_config_and_platform_errors" time="0.005" /><testcase classname="tests.test_m4" name="test_cli_finite_mock_run" time="1.129" /><testcase classname="tests.test_m4" name="test_storage_queue_expiry_recovery_and_cleanup" time="0.004" /><testcase classname="tests.test_m4" name="test_storage_claim_guards_and_transaction_rollback" time="0.003" /><testcase classname="tests.test_m4" name="test_storage_interrupted_generation_and_rebind" time="0.003" /><testcase classname="tests.test_m4" name="test_engine_preflight_and_not_attempted" time="0.003" /><testcase classname="tests.test_m4" name="test_engine_failed_before_ui_action" time="0.002" /><testcase classname="tests.test_m4" name="test_initial_failure_and_unstarted_tick" time="0.002" /><testcase classname="tests.test_m4" name="test_pause_resume_race_during_ingestion" time="0.003" /><testcase classname="tests.test_m4" name="test_run_deadline_no_next_send" time="0.003" /><testcase classname="tests.test_m4" name="test_deadline_during_preflight" time="0.002" /><testcase classname="tests.test_m4" name="test_cli_untrusted_exception_redaction" time="0.002" /><testcase classname="tests.test_m4" name="test_sdk_preexisting_echo_does_not_prove_new_send" time="0.000" /><testcase classname="tests.test_m4" name="test_startup_recovers_before_gui_connect_failure" time="0.003" /></testsuite></testsuites>